<html>
<body>
<pre>
<h1>µVision Build Log</h1>
<h2>Project:</h2>
C:\Documents and Settings\Administrator\×ÀÃæ\TM4C129X_EPI\project\M4_PLUS_SXT.uvproj
Project File Date:  08/26/2015

<h2>Output:</h2>
Rebuild target 'M4_PLUS_SXT'
assembling startup_TM4C129.s...
compiling watchdog.c...
compiling adc.c...
compiling aes.c...
compiling can.c...
compiling comp.c...
compiling cpu.c...
compiling crc.c...
compiling des.c...
compiling eeprom.c...
compiling emac.c...
compiling epi.c...
compiling flash.c...
compiling fpu.c...
compiling gpio.c...
compiling hibernate.c...
compiling i2c.c...
compiling interrupt.c...
compiling lcd.c...
compiling mpu.c...
compiling pwm.c...
compiling qei.c...
compiling shamd5.c...
compiling ssi.c...
compiling sw_crc.c...
compiling sysctl.c...
compiling sysexc.c...
compiling systick.c...
compiling timer.c...
compiling uart.c...
compiling udma.c...
compiling usb.c...
compiling main.c...
compiling myepi.c...
compiling mygpio.c...
compiling mytimer0a.c...
..\user\mytimer0a.c(29): warning:  #177-D: variable "i" was declared but never referenced
compiling myudma.c...
compiling uartstdio.c...
compiling ustdlib.c...
linking...
Program Size: Code=9908 RO-data=1624 RW-data=1644 ZI-data=2452  
FromELF: creating hex file...
"..\output\M4_PLUS_SXT.axf" - 0 Errors, 1 Warning(s).
Build target 'M4_PLUS_SXT'
compiling mytimer0a.c...
linking...
Program Size: Code=9908 RO-data=1624 RW-data=1644 ZI-data=2452  
FromELF: creating hex file...
"..\output\M4_PLUS_SXT.axf" - 0 Errors, 0 Warning(s).
Build target 'M4_PLUS_SXT'
compiling mytimer0a.c...
linking...
Program Size: Code=9908 RO-data=1624 RW-data=1644 ZI-data=2452  
FromELF: creating hex file...
"..\output\M4_PLUS_SXT.axf" - 0 Errors, 0 Warning(s).
Build target 'M4_PLUS_SXT'
compiling mytimer0a.c...
linking...
Program Size: Code=9908 RO-data=1624 RW-data=1644 ZI-data=2452  
FromELF: creating hex file...
"..\output\M4_PLUS_SXT.axf" - 0 Errors, 0 Warning(s).
Build target 'M4_PLUS_SXT'
compiling mytimer0a.c...
linking...
Program Size: Code=9908 RO-data=1624 RW-data=1644 ZI-data=2452  
FromELF: creating hex file...
"..\output\M4_PLUS_SXT.axf" - 0 Errors, 0 Warning(s).
Build target 'M4_PLUS_SXT'
linking...
Program Size: Code=9908 RO-data=1624 RW-data=1644 ZI-data=2452  
FromELF: creating hex file...
"..\output\M4_PLUS_SXT.axf" - 0 Errors, 0 Warning(s).
Build target 'M4_PLUS_SXT'
linking...
Program Size: Code=9908 RO-data=1624 RW-data=1644 ZI-data=2452  
FromELF: creating hex file...
"..\output\M4_PLUS_SXT.axf" - 0 Errors, 0 Warning(s).
Build target 'M4_PLUS_SXT'
linking...
Program Size: Code=9908 RO-data=1624 RW-data=1644 ZI-data=2452  
FromELF: creating hex file...
"..\output\M4_PLUS_SXT.axf" - 0 Errors, 0 Warning(s).
Build target 'M4_PLUS_SXT'
linking...
Program Size: Code=9908 RO-data=1624 RW-data=1644 ZI-data=2452  
FromELF: creating hex file...
"..\output\M4_PLUS_SXT.axf" - 0 Errors, 0 Warning(s).
Build target 'M4_PLUS_SXT'
linking...
Program Size: Code=9908 RO-data=1624 RW-data=1644 ZI-data=2452  
FromELF: creating hex file...
"..\output\M4_PLUS_SXT.axf" - 0 Errors, 0 Warning(s).
Build target 'M4_PLUS_SXT'
linking...
Program Size: Code=9908 RO-data=1624 RW-data=1644 ZI-data=2452  
FromELF: creating hex file...
"..\output\M4_PLUS_SXT.axf" - 0 Errors, 0 Warning(s).
Build target 'M4_PLUS_SXT'
linking...
Program Size: Code=9908 RO-data=1624 RW-data=1644 ZI-data=2452  
FromELF: creating hex file...
"..\output\M4_PLUS_SXT.axf" - 0 Errors, 0 Warning(s).
Build target 'M4_PLUS_SXT'
linking...
Program Size: Code=9908 RO-data=1624 RW-data=1644 ZI-data=2452  
FromELF: creating hex file...
"..\output\M4_PLUS_SXT.axf" - 0 Errors, 0 Warning(s).
Build target 'M4_PLUS_SXT'
linking...
Program Size: Code=9908 RO-data=1624 RW-data=1644 ZI-data=2452  
FromELF: creating hex file...
"..\output\M4_PLUS_SXT.axf" - 0 Errors, 0 Warning(s).
Build target 'M4_PLUS_SXT'
linking...
Program Size: Code=9908 RO-data=1624 RW-data=1644 ZI-data=2452  
FromELF: creating hex file...
"..\output\M4_PLUS_SXT.axf" - 0 Errors, 0 Warning(s).
Build target 'M4_PLUS_SXT'
compiling mytimer0a.c...
linking...
Program Size: Code=9908 RO-data=1624 RW-data=1644 ZI-data=2452  
FromELF: creating hex file...
"..\output\M4_PLUS_SXT.axf" - 0 Errors, 0 Warning(s).
Build target 'M4_PLUS_SXT'
linking...
Program Size: Code=9908 RO-data=1624 RW-data=1644 ZI-data=2452  
FromELF: creating hex file...
"..\output\M4_PLUS_SXT.axf" - 0 Errors, 0 Warning(s).
Build target 'M4_PLUS_SXT'
linking...
Program Size: Code=9908 RO-data=1624 RW-data=1644 ZI-data=2452  
FromELF: creating hex file...
"..\output\M4_PLUS_SXT.axf" - 0 Errors, 0 Warning(s).
Build target 'M4_PLUS_SXT'
linking...
Program Size: Code=9908 RO-data=1624 RW-data=1644 ZI-data=2452  
FromELF: creating hex file...
"..\output\M4_PLUS_SXT.axf" - 0 Errors, 0 Warning(s).
Build target 'M4_PLUS_SXT'
linking...
Program Size: Code=9908 RO-data=1624 RW-data=1644 ZI-data=2452  
FromELF: creating hex file...
"..\output\M4_PLUS_SXT.axf" - 0 Errors, 0 Warning(s).
Build target 'M4_PLUS_SXT'
linking...
Program Size: Code=9908 RO-data=1624 RW-data=1644 ZI-data=2452  
FromELF: creating hex file...
"..\output\M4_PLUS_SXT.axf" - 0 Errors, 0 Warning(s).
Build target 'M4_PLUS_SXT'
linking...
Program Size: Code=9908 RO-data=1624 RW-data=1644 ZI-data=2452  
FromELF: creating hex file...
"..\output\M4_PLUS_SXT.axf" - 0 Errors, 0 Warning(s).
Build target 'M4_PLUS_SXT'
linking...
Program Size: Code=9908 RO-data=1624 RW-data=1644 ZI-data=2452  
FromELF: creating hex file...
"..\output\M4_PLUS_SXT.axf" - 0 Errors, 0 Warning(s).
Build target 'M4_PLUS_SXT'
linking...
Program Size: Code=9908 RO-data=1624 RW-data=1644 ZI-data=2452  
FromELF: creating hex file...
"..\output\M4_PLUS_SXT.axf" - 0 Errors, 0 Warning(s).
Build target 'M4_PLUS_SXT'
linking...
Program Size: Code=9908 RO-data=1624 RW-data=1644 ZI-data=2452  
FromELF: creating hex file...
"..\output\M4_PLUS_SXT.axf" - 0 Errors, 0 Warning(s).
Build target 'M4_PLUS_SXT'
compiling mytimer0a.c...
linking...
Program Size: Code=9908 RO-data=1624 RW-data=1644 ZI-data=2452  
FromELF: creating hex file...
"..\output\M4_PLUS_SXT.axf" - 0 Errors, 0 Warning(s).
