ARM Linker, 5.03 [Build 76] [MDK-ARM Standard]

==============================================================================

Section Cross References

    startup_tm4c129.o(RESET) refers to startup_tm4c129.o(STACK) for StackMem
    startup_tm4c129.o(RESET) refers to mytimer0a.o(.text) for Timer0AIntHandler
    startup_tm4c129.o(RESET) refers to myudma.o(.text) for uDMAErrorHandler
    startup_tm4c129.o(RESET) refers to myepi.o(.text) for EPIIntHandler
    startup_tm4c129.o(RESET) refers to entry.o(.ARM.Collect$$$$00000000) for __main
    watchdog.o(.text) refers to interrupt.o(.text) for IntRegister
    adc.o(.text) refers to interrupt.o(.text) for IntRegister
    adc.o(.text) refers to adc.o(.data) for .data
    aes.o(.text) refers to interrupt.o(.text) for IntRegister
    can.o(.text) refers to interrupt.o(.text) for IntRegister
    can.o(.text) refers to can.o(.constdata) for .constdata
    comp.o(.text) refers to interrupt.o(.text) for IntRegister
    des.o(.text) refers to interrupt.o(.text) for IntRegister
    eeprom.o(.text) refers to sysctl.o(.emb_text) for SysCtlDelay
    eeprom.o(.text) refers to sysctl.o(.text) for SysCtlPeripheralReset
    emac.o(.text) refers to sysctl.o(.text) for SysCtlPeripheralReset
    emac.o(.text) refers to sysctl.o(.emb_text) for SysCtlDelay
    emac.o(.text) refers to sw_crc.o(.text) for Crc32
    emac.o(.text) refers to interrupt.o(.text) for IntRegister
    emac.o(.text) refers to emac.o(.constdata) for .constdata
    epi.o(.text) refers to interrupt.o(.text) for IntRegister
    flash.o(.text) refers to interrupt.o(.text) for IntRegister
    flash.o(.text) refers to flash.o(.constdata) for .constdata
    gpio.o(.text) refers to interrupt.o(.text) for IntRegister
    gpio.o(.text) refers to gpio.o(.constdata) for .constdata
    hibernate.o(.text) refers to interrupt.o(.text) for IntRegister
    i2c.o(.text) refers to interrupt.o(.text) for IntRegister
    i2c.o(.text) refers to i2c.o(.constdata) for .constdata
    interrupt.o(.text) refers to cpu.o(.emb_text) for CPUcpsie
    interrupt.o(.text) refers to interrupt.o(vtable) for vtable
    interrupt.o(.text) refers to interrupt.o(.constdata) for .constdata
    lcd.o(.text) refers to sysctl.o(.emb_text) for SysCtlDelay
    lcd.o(.text) refers to interrupt.o(.text) for IntRegister
    mpu.o(.text) refers to interrupt.o(.text) for IntRegister
    pwm.o(.text) refers to interrupt.o(.text) for IntRegister
    qei.o(.text) refers to interrupt.o(.text) for IntRegister
    shamd5.o(.text) refers to interrupt.o(.text) for IntRegister
    ssi.o(.text) refers to interrupt.o(.text) for IntRegister
    ssi.o(.text) refers to ssi.o(.constdata) for .constdata
    sw_crc.o(.text) refers to sw_crc.o(.constdata) for .constdata
    sysctl.o(.text) refers to interrupt.o(.text) for IntRegister
    sysctl.o(.text) refers to cpu.o(.emb_text) for CPUwfi
    sysctl.o(.text) refers to sysctl.o(.constdata) for .constdata
    sysctl.o(.text) refers to sysctl.o(.emb_text) for SysCtlDelay
    sysexc.o(.text) refers to interrupt.o(.text) for IntRegister
    systick.o(.text) refers to interrupt.o(.text) for IntRegister
    timer.o(.text) refers to interrupt.o(.text) for IntRegister
    timer.o(.text) refers to timer.o(.constdata) for .constdata
    uart.o(.text) refers to interrupt.o(.text) for IntRegister
    uart.o(.text) refers to uart.o(.constdata) for .constdata
    udma.o(.text) refers to interrupt.o(.text) for IntRegister
    usb.o(.text) refers to interrupt.o(.text) for IntRegister
    main.o(.text) refers to uart.o(.text) for UARTCharPut
    main.o(.text) refers to sysctl.o(.text) for SysCtlPeripheralEnable
    main.o(.text) refers to gpio.o(.text) for GPIOPinConfigure
    main.o(.text) refers to uartstdio.o(.text) for UARTStdioConfig
    main.o(.text) refers to mygpio.o(.text) for All_GPIOInit
    main.o(.text) refers to mytimer0a.o(.text) for Timer0_A_Init
    main.o(.text) refers to myepi.o(.text) for EPI_Init
    main.o(.text) refers to myudma.o(.text) for DMA_Init
    main.o(.text) refers to timer.o(.text) for TimerEnable
    main.o(.text) refers to interrupt.o(.text) for IntMasterEnable
    myepi.o(.text) refers to sysctl.o(.text) for SysCtlPeripheralEnable
    myepi.o(.text) refers to epi.o(.text) for EPIDividerSet
    myepi.o(.text) refers to interrupt.o(.text) for IntEnable
    myepi.o(.text) refers to myepi.o(.data) for .data
    mygpio.o(.text) refers to sysctl.o(.text) for SysCtlPeripheralEnable
    mygpio.o(.text) refers to gpio.o(.text) for GPIOPinConfigure
    mytimer0a.o(.text) refers to sysctl.o(.text) for SysCtlPeripheralEnable
    mytimer0a.o(.text) refers to timer.o(.text) for TimerConfigure
    mytimer0a.o(.text) refers to interrupt.o(.text) for IntEnable
    mytimer0a.o(.text) refers to myudma.o(.text) for dma_write
    mytimer0a.o(.text) refers to mygpio.o(.bss) for send_data
    myudma.o(.text) refers to udma.o(.text) for uDMAErrorStatusGet
    myudma.o(.text) refers to printfb.o(i.__0printf$bare) for __2printf
    myudma.o(.text) refers to sysctl.o(.text) for SysCtlPeripheralEnable
    myudma.o(.text) refers to interrupt.o(.text) for IntEnable
    myudma.o(.text) refers to myudma.o(.data) for .data
    myudma.o(.text) refers to myudma.o(.bss) for .bss
    uartstdio.o(.text) refers to uartstdio.o(.constdata) for .constdata
    uartstdio.o(.text) refers to uartstdio.o(.data) for .data
    uartstdio.o(.constdata) refers to uartstdio.o(.conststring) for .conststring
    ustdlib.o(.text) refers to ustdlib.o(.constdata) for .constdata
    ustdlib.o(.text) refers to ustdlib.o(.data) for .data
    ustdlib.o(.constdata) refers to ustdlib.o(.conststring) for .conststring
    entry.o(.ARM.Collect$$$$00000000) refers (Special) to entry10a.o(.ARM.Collect$$$$0000000D) for __rt_final_cpp
    entry.o(.ARM.Collect$$$$00000000) refers (Special) to entry11a.o(.ARM.Collect$$$$0000000F) for __rt_final_exit
    entry.o(.ARM.Collect$$$$00000000) refers (Special) to entry7b.o(.ARM.Collect$$$$00000008) for _main_clock
    entry.o(.ARM.Collect$$$$00000000) refers (Special) to entry8b.o(.ARM.Collect$$$$0000000A) for _main_cpp_init
    entry.o(.ARM.Collect$$$$00000000) refers (Special) to entry9a.o(.ARM.Collect$$$$0000000B) for _main_init
    entry.o(.ARM.Collect$$$$00000000) refers (Special) to entry5.o(.ARM.Collect$$$$00000004) for _main_scatterload
    entry.o(.ARM.Collect$$$$00000000) refers (Special) to entry2.o(.ARM.Collect$$$$00000001) for _main_stk
    printfb.o(i.__0fprintf$bare) refers to printfb.o(i._printf_core) for _printf_core
    printfb.o(i.__0fprintf$bare) refers to main.o(.text) for fputc
    printfb.o(i.__0printf$bare) refers to printfb.o(i._printf_core) for _printf_core
    printfb.o(i.__0printf$bare) refers to main.o(.text) for fputc
    printfb.o(i.__0printf$bare) refers to stdout.o(.data) for __stdout
    printfb.o(i.__0snprintf$bare) refers to printfb.o(i._printf_core) for _printf_core
    printfb.o(i.__0snprintf$bare) refers to printfb.o(i._snputc) for _snputc
    printfb.o(i.__0sprintf$bare) refers to printfb.o(i._printf_core) for _printf_core
    printfb.o(i.__0sprintf$bare) refers to printfb.o(i._sputc) for _sputc
    printfb.o(i.__0vfprintf$bare) refers to printfb.o(i._printf_core) for _printf_core
    printfb.o(i.__0vfprintf$bare) refers to main.o(.text) for fputc
    printfb.o(i.__0vprintf$bare) refers to printfb.o(i._printf_core) for _printf_core
    printfb.o(i.__0vprintf$bare) refers to main.o(.text) for fputc
    printfb.o(i.__0vprintf$bare) refers to stdout.o(.data) for __stdout
    printfb.o(i.__0vsnprintf$bare) refers to printfb.o(i._printf_core) for _printf_core
    printfb.o(i.__0vsnprintf$bare) refers to printfb.o(i._snputc) for _snputc
    printfb.o(i.__0vsprintf$bare) refers to printfb.o(i._printf_core) for _printf_core
    printfb.o(i.__0vsprintf$bare) refers to printfb.o(i._sputc) for _sputc
    printf0.o(i.__0fprintf$0) refers to printf0.o(i._printf_core) for _printf_core
    printf0.o(i.__0fprintf$0) refers to main.o(.text) for fputc
    printf0.o(i.__0printf$0) refers to printf0.o(i._printf_core) for _printf_core
    printf0.o(i.__0printf$0) refers to main.o(.text) for fputc
    printf0.o(i.__0printf$0) refers to stdout.o(.data) for __stdout
    printf0.o(i.__0snprintf$0) refers to printf0.o(i._printf_core) for _printf_core
    printf0.o(i.__0snprintf$0) refers to printf0.o(i._snputc) for _snputc
    printf0.o(i.__0sprintf$0) refers to printf0.o(i._printf_core) for _printf_core
    printf0.o(i.__0sprintf$0) refers to printf0.o(i._sputc) for _sputc
    printf0.o(i.__0vfprintf$0) refers to printf0.o(i._printf_core) for _printf_core
    printf0.o(i.__0vfprintf$0) refers to main.o(.text) for fputc
    printf0.o(i.__0vprintf$0) refers to printf0.o(i._printf_core) for _printf_core
    printf0.o(i.__0vprintf$0) refers to main.o(.text) for fputc
    printf0.o(i.__0vprintf$0) refers to stdout.o(.data) for __stdout
    printf0.o(i.__0vsnprintf$0) refers to printf0.o(i._printf_core) for _printf_core
    printf0.o(i.__0vsnprintf$0) refers to printf0.o(i._snputc) for _snputc
    printf0.o(i.__0vsprintf$0) refers to printf0.o(i._printf_core) for _printf_core
    printf0.o(i.__0vsprintf$0) refers to printf0.o(i._sputc) for _sputc
    printf1.o(i.__0fprintf$1) refers to printf1.o(i._printf_core) for _printf_core
    printf1.o(i.__0fprintf$1) refers to main.o(.text) for fputc
    printf1.o(i.__0printf$1) refers to printf1.o(i._printf_core) for _printf_core
    printf1.o(i.__0printf$1) refers to main.o(.text) for fputc
    printf1.o(i.__0printf$1) refers to stdout.o(.data) for __stdout
    printf1.o(i.__0snprintf$1) refers to printf1.o(i._printf_core) for _printf_core
    printf1.o(i.__0snprintf$1) refers to printf1.o(i._snputc) for _snputc
    printf1.o(i.__0sprintf$1) refers to printf1.o(i._printf_core) for _printf_core
    printf1.o(i.__0sprintf$1) refers to printf1.o(i._sputc) for _sputc
    printf1.o(i.__0vfprintf$1) refers to printf1.o(i._printf_core) for _printf_core
    printf1.o(i.__0vfprintf$1) refers to main.o(.text) for fputc
    printf1.o(i.__0vprintf$1) refers to printf1.o(i._printf_core) for _printf_core
    printf1.o(i.__0vprintf$1) refers to main.o(.text) for fputc
    printf1.o(i.__0vprintf$1) refers to stdout.o(.data) for __stdout
    printf1.o(i.__0vsnprintf$1) refers to printf1.o(i._printf_core) for _printf_core
    printf1.o(i.__0vsnprintf$1) refers to printf1.o(i._snputc) for _snputc
    printf1.o(i.__0vsprintf$1) refers to printf1.o(i._printf_core) for _printf_core
    printf1.o(i.__0vsprintf$1) refers to printf1.o(i._sputc) for _sputc
    printf1.o(i._printf_core) refers to uidiv.o(.text) for __aeabi_uidivmod
    printf2.o(i.__0fprintf$2) refers to printf2.o(i._printf_core) for _printf_core
    printf2.o(i.__0fprintf$2) refers to main.o(.text) for fputc
    printf2.o(i.__0printf$2) refers to printf2.o(i._printf_core) for _printf_core
    printf2.o(i.__0printf$2) refers to main.o(.text) for fputc
    printf2.o(i.__0printf$2) refers to stdout.o(.data) for __stdout
    printf2.o(i.__0snprintf$2) refers to printf2.o(i._printf_core) for _printf_core
    printf2.o(i.__0snprintf$2) refers to printf2.o(i._snputc) for _snputc
    printf2.o(i.__0sprintf$2) refers to printf2.o(i._printf_core) for _printf_core
    printf2.o(i.__0sprintf$2) refers to printf2.o(i._sputc) for _sputc
    printf2.o(i.__0vfprintf$2) refers to printf2.o(i._printf_core) for _printf_core
    printf2.o(i.__0vfprintf$2) refers to main.o(.text) for fputc
    printf2.o(i.__0vprintf$2) refers to printf2.o(i._printf_core) for _printf_core
    printf2.o(i.__0vprintf$2) refers to main.o(.text) for fputc
    printf2.o(i.__0vprintf$2) refers to stdout.o(.data) for __stdout
    printf2.o(i.__0vsnprintf$2) refers to printf2.o(i._printf_core) for _printf_core
    printf2.o(i.__0vsnprintf$2) refers to printf2.o(i._snputc) for _snputc
    printf2.o(i.__0vsprintf$2) refers to printf2.o(i._printf_core) for _printf_core
    printf2.o(i.__0vsprintf$2) refers to printf2.o(i._sputc) for _sputc
    printf3.o(i.__0fprintf$3) refers to printf3.o(i._printf_core) for _printf_core
    printf3.o(i.__0fprintf$3) refers to main.o(.text) for fputc
    printf3.o(i.__0printf$3) refers to printf3.o(i._printf_core) for _printf_core
    printf3.o(i.__0printf$3) refers to main.o(.text) for fputc
    printf3.o(i.__0printf$3) refers to stdout.o(.data) for __stdout
    printf3.o(i.__0snprintf$3) refers to printf3.o(i._printf_core) for _printf_core
    printf3.o(i.__0snprintf$3) refers to printf3.o(i._snputc) for _snputc
    printf3.o(i.__0sprintf$3) refers to printf3.o(i._printf_core) for _printf_core
    printf3.o(i.__0sprintf$3) refers to printf3.o(i._sputc) for _sputc
    printf3.o(i.__0vfprintf$3) refers to printf3.o(i._printf_core) for _printf_core
    printf3.o(i.__0vfprintf$3) refers to main.o(.text) for fputc
    printf3.o(i.__0vprintf$3) refers to printf3.o(i._printf_core) for _printf_core
    printf3.o(i.__0vprintf$3) refers to main.o(.text) for fputc
    printf3.o(i.__0vprintf$3) refers to stdout.o(.data) for __stdout
    printf3.o(i.__0vsnprintf$3) refers to printf3.o(i._printf_core) for _printf_core
    printf3.o(i.__0vsnprintf$3) refers to printf3.o(i._snputc) for _snputc
    printf3.o(i.__0vsprintf$3) refers to printf3.o(i._printf_core) for _printf_core
    printf3.o(i.__0vsprintf$3) refers to printf3.o(i._sputc) for _sputc
    printf3.o(i._printf_core) refers to uidiv.o(.text) for __aeabi_uidivmod
    printf4.o(i.__0fprintf$4) refers to printf4.o(i._printf_core) for _printf_core
    printf4.o(i.__0fprintf$4) refers to main.o(.text) for fputc
    printf4.o(i.__0printf$4) refers to printf4.o(i._printf_core) for _printf_core
    printf4.o(i.__0printf$4) refers to main.o(.text) for fputc
    printf4.o(i.__0printf$4) refers to stdout.o(.data) for __stdout
    printf4.o(i.__0snprintf$4) refers to printf4.o(i._printf_core) for _printf_core
    printf4.o(i.__0snprintf$4) refers to printf4.o(i._snputc) for _snputc
    printf4.o(i.__0sprintf$4) refers to printf4.o(i._printf_core) for _printf_core
    printf4.o(i.__0sprintf$4) refers to printf4.o(i._sputc) for _sputc
    printf4.o(i.__0vfprintf$4) refers to printf4.o(i._printf_core) for _printf_core
    printf4.o(i.__0vfprintf$4) refers to main.o(.text) for fputc
    printf4.o(i.__0vprintf$4) refers to printf4.o(i._printf_core) for _printf_core
    printf4.o(i.__0vprintf$4) refers to main.o(.text) for fputc
    printf4.o(i.__0vprintf$4) refers to stdout.o(.data) for __stdout
    printf4.o(i.__0vsnprintf$4) refers to printf4.o(i._printf_core) for _printf_core
    printf4.o(i.__0vsnprintf$4) refers to printf4.o(i._snputc) for _snputc
    printf4.o(i.__0vsprintf$4) refers to printf4.o(i._printf_core) for _printf_core
    printf4.o(i.__0vsprintf$4) refers to printf4.o(i._sputc) for _sputc
    printf4.o(i._printf_core) refers to uldiv.o(.text) for __aeabi_uldivmod
    printf5.o(i.__0fprintf$5) refers to printf5.o(i._printf_core) for _printf_core
    printf5.o(i.__0fprintf$5) refers to main.o(.text) for fputc
    printf5.o(i.__0printf$5) refers to printf5.o(i._printf_core) for _printf_core
    printf5.o(i.__0printf$5) refers to main.o(.text) for fputc
    printf5.o(i.__0printf$5) refers to stdout.o(.data) for __stdout
    printf5.o(i.__0snprintf$5) refers to printf5.o(i._printf_core) for _printf_core
    printf5.o(i.__0snprintf$5) refers to printf5.o(i._snputc) for _snputc
    printf5.o(i.__0sprintf$5) refers to printf5.o(i._printf_core) for _printf_core
    printf5.o(i.__0sprintf$5) refers to printf5.o(i._sputc) for _sputc
    printf5.o(i.__0vfprintf$5) refers to printf5.o(i._printf_core) for _printf_core
    printf5.o(i.__0vfprintf$5) refers to main.o(.text) for fputc
    printf5.o(i.__0vprintf$5) refers to printf5.o(i._printf_core) for _printf_core
    printf5.o(i.__0vprintf$5) refers to main.o(.text) for fputc
    printf5.o(i.__0vprintf$5) refers to stdout.o(.data) for __stdout
    printf5.o(i.__0vsnprintf$5) refers to printf5.o(i._printf_core) for _printf_core
    printf5.o(i.__0vsnprintf$5) refers to printf5.o(i._snputc) for _snputc
    printf5.o(i.__0vsprintf$5) refers to printf5.o(i._printf_core) for _printf_core
    printf5.o(i.__0vsprintf$5) refers to printf5.o(i._sputc) for _sputc
    printf5.o(i._printf_core) refers to uldiv.o(.text) for __aeabi_uldivmod
    printf6.o(i.__0fprintf$6) refers to printf6.o(i._printf_core) for _printf_core
    printf6.o(i.__0fprintf$6) refers to main.o(.text) for fputc
    printf6.o(i.__0printf$6) refers to printf6.o(i._printf_core) for _printf_core
    printf6.o(i.__0printf$6) refers to main.o(.text) for fputc
    printf6.o(i.__0printf$6) refers to stdout.o(.data) for __stdout
    printf6.o(i.__0snprintf$6) refers to printf6.o(i._printf_core) for _printf_core
    printf6.o(i.__0snprintf$6) refers to printf6.o(i._snputc) for _snputc
    printf6.o(i.__0sprintf$6) refers to printf6.o(i._printf_core) for _printf_core
    printf6.o(i.__0sprintf$6) refers to printf6.o(i._sputc) for _sputc
    printf6.o(i.__0vfprintf$6) refers to printf6.o(i._printf_core) for _printf_core
    printf6.o(i.__0vfprintf$6) refers to main.o(.text) for fputc
    printf6.o(i.__0vprintf$6) refers to printf6.o(i._printf_core) for _printf_core
    printf6.o(i.__0vprintf$6) refers to main.o(.text) for fputc
    printf6.o(i.__0vprintf$6) refers to stdout.o(.data) for __stdout
    printf6.o(i.__0vsnprintf$6) refers to printf6.o(i._printf_core) for _printf_core
    printf6.o(i.__0vsnprintf$6) refers to printf6.o(i._snputc) for _snputc
    printf6.o(i.__0vsprintf$6) refers to printf6.o(i._printf_core) for _printf_core
    printf6.o(i.__0vsprintf$6) refers to printf6.o(i._sputc) for _sputc
    printf6.o(i._printf_core) refers to printf6.o(i._printf_pre_padding) for _printf_pre_padding
    printf6.o(i._printf_core) refers to uidiv.o(.text) for __aeabi_uidivmod
    printf6.o(i._printf_core) refers to printf6.o(i._printf_post_padding) for _printf_post_padding
    printf7.o(i.__0fprintf$7) refers to printf7.o(i._printf_core) for _printf_core
    printf7.o(i.__0fprintf$7) refers to main.o(.text) for fputc
    printf7.o(i.__0printf$7) refers to printf7.o(i._printf_core) for _printf_core
    printf7.o(i.__0printf$7) refers to main.o(.text) for fputc
    printf7.o(i.__0printf$7) refers to stdout.o(.data) for __stdout
    printf7.o(i.__0snprintf$7) refers to printf7.o(i._printf_core) for _printf_core
    printf7.o(i.__0snprintf$7) refers to printf7.o(i._snputc) for _snputc
    printf7.o(i.__0sprintf$7) refers to printf7.o(i._printf_core) for _printf_core
    printf7.o(i.__0sprintf$7) refers to printf7.o(i._sputc) for _sputc
    printf7.o(i.__0vfprintf$7) refers to printf7.o(i._printf_core) for _printf_core
    printf7.o(i.__0vfprintf$7) refers to main.o(.text) for fputc
    printf7.o(i.__0vprintf$7) refers to printf7.o(i._printf_core) for _printf_core
    printf7.o(i.__0vprintf$7) refers to main.o(.text) for fputc
    printf7.o(i.__0vprintf$7) refers to stdout.o(.data) for __stdout
    printf7.o(i.__0vsnprintf$7) refers to printf7.o(i._printf_core) for _printf_core
    printf7.o(i.__0vsnprintf$7) refers to printf7.o(i._snputc) for _snputc
    printf7.o(i.__0vsprintf$7) refers to printf7.o(i._printf_core) for _printf_core
    printf7.o(i.__0vsprintf$7) refers to printf7.o(i._sputc) for _sputc
    printf7.o(i._printf_core) refers to printf7.o(i._printf_pre_padding) for _printf_pre_padding
    printf7.o(i._printf_core) refers to uldiv.o(.text) for __aeabi_uldivmod
    printf7.o(i._printf_core) refers to printf7.o(i._printf_post_padding) for _printf_post_padding
    printf8.o(i.__0fprintf$8) refers to printf8.o(i._printf_core) for _printf_core
    printf8.o(i.__0fprintf$8) refers to main.o(.text) for fputc
    printf8.o(i.__0printf$8) refers to printf8.o(i._printf_core) for _printf_core
    printf8.o(i.__0printf$8) refers to main.o(.text) for fputc
    printf8.o(i.__0printf$8) refers to stdout.o(.data) for __stdout
    printf8.o(i.__0snprintf$8) refers to printf8.o(i._printf_core) for _printf_core
    printf8.o(i.__0snprintf$8) refers to printf8.o(i._snputc) for _snputc
    printf8.o(i.__0sprintf$8) refers to printf8.o(i._printf_core) for _printf_core
    printf8.o(i.__0sprintf$8) refers to printf8.o(i._sputc) for _sputc
    printf8.o(i.__0vfprintf$8) refers to printf8.o(i._printf_core) for _printf_core
    printf8.o(i.__0vfprintf$8) refers to main.o(.text) for fputc
    printf8.o(i.__0vprintf$8) refers to printf8.o(i._printf_core) for _printf_core
    printf8.o(i.__0vprintf$8) refers to main.o(.text) for fputc
    printf8.o(i.__0vprintf$8) refers to stdout.o(.data) for __stdout
    printf8.o(i.__0vsnprintf$8) refers to printf8.o(i._printf_core) for _printf_core
    printf8.o(i.__0vsnprintf$8) refers to printf8.o(i._snputc) for _snputc
    printf8.o(i.__0vsprintf$8) refers to printf8.o(i._printf_core) for _printf_core
    printf8.o(i.__0vsprintf$8) refers to printf8.o(i._sputc) for _sputc
    printf8.o(i._printf_core) refers to printf8.o(i._printf_pre_padding) for _printf_pre_padding
    printf8.o(i._printf_core) refers to uldiv.o(.text) for __aeabi_uldivmod
    printf8.o(i._printf_core) refers to printf8.o(i._printf_post_padding) for _printf_post_padding
    printfa.o(i.__0fprintf) refers (Special) to iusefp.o(.text) for __I$use$fp
    printfa.o(i.__0fprintf) refers to printfa.o(i._printf_core) for _printf_core
    printfa.o(i.__0fprintf) refers to main.o(.text) for fputc
    printfa.o(i.__0printf) refers (Special) to iusefp.o(.text) for __I$use$fp
    printfa.o(i.__0printf) refers to printfa.o(i._printf_core) for _printf_core
    printfa.o(i.__0printf) refers to main.o(.text) for fputc
    printfa.o(i.__0printf) refers to stdout.o(.data) for __stdout
    printfa.o(i.__0snprintf) refers (Special) to iusefp.o(.text) for __I$use$fp
    printfa.o(i.__0snprintf) refers to printfa.o(i._printf_core) for _printf_core
    printfa.o(i.__0snprintf) refers to printfa.o(i._snputc) for _snputc
    printfa.o(i.__0sprintf) refers (Special) to iusefp.o(.text) for __I$use$fp
    printfa.o(i.__0sprintf) refers to printfa.o(i._printf_core) for _printf_core
    printfa.o(i.__0sprintf) refers to printfa.o(i._sputc) for _sputc
    printfa.o(i.__0vfprintf) refers (Special) to iusefp.o(.text) for __I$use$fp
    printfa.o(i.__0vfprintf) refers to printfa.o(i._printf_core) for _printf_core
    printfa.o(i.__0vfprintf) refers to main.o(.text) for fputc
    printfa.o(i.__0vprintf) refers (Special) to iusefp.o(.text) for __I$use$fp
    printfa.o(i.__0vprintf) refers to printfa.o(i._printf_core) for _printf_core
    printfa.o(i.__0vprintf) refers to main.o(.text) for fputc
    printfa.o(i.__0vprintf) refers to stdout.o(.data) for __stdout
    printfa.o(i.__0vsnprintf) refers (Special) to iusefp.o(.text) for __I$use$fp
    printfa.o(i.__0vsnprintf) refers to printfa.o(i._printf_core) for _printf_core
    printfa.o(i.__0vsnprintf) refers to printfa.o(i._snputc) for _snputc
    printfa.o(i.__0vsprintf) refers (Special) to iusefp.o(.text) for __I$use$fp
    printfa.o(i.__0vsprintf) refers to printfa.o(i._printf_core) for _printf_core
    printfa.o(i.__0vsprintf) refers to printfa.o(i._sputc) for _sputc
    printfa.o(i._fp_digits) refers (Special) to iusefp.o(.text) for __I$use$fp
    printfa.o(i._fp_digits) refers to dmul.o(.text) for __aeabi_dmul
    printfa.o(i._fp_digits) refers to ddiv.o(.text) for __aeabi_ddiv
    printfa.o(i._fp_digits) refers to cdrcmple.o(.text) for __aeabi_cdrcmple
    printfa.o(i._fp_digits) refers to dadd.o(.text) for __aeabi_dadd
    printfa.o(i._fp_digits) refers to dfixul.o(.text) for __aeabi_d2ulz
    printfa.o(i._fp_digits) refers to uldiv.o(.text) for __aeabi_uldivmod
    printfa.o(i._printf_core) refers (Special) to iusefp.o(.text) for __I$use$fp
    printfa.o(i._printf_core) refers to printfa.o(i._printf_pre_padding) for _printf_pre_padding
    printfa.o(i._printf_core) refers to uldiv.o(.text) for __aeabi_uldivmod
    printfa.o(i._printf_core) refers to printfa.o(i._printf_post_padding) for _printf_post_padding
    printfa.o(i._printf_core) refers to printfa.o(i._fp_digits) for _fp_digits
    printfa.o(i._printf_core) refers to uidiv.o(.text) for __aeabi_uidivmod
    printfa.o(i._printf_post_padding) refers (Special) to iusefp.o(.text) for __I$use$fp
    printfa.o(i._printf_pre_padding) refers (Special) to iusefp.o(.text) for __I$use$fp
    printfa.o(i._snputc) refers (Special) to iusefp.o(.text) for __I$use$fp
    printfa.o(i._sputc) refers (Special) to iusefp.o(.text) for __I$use$fp
    entry2.o(.ARM.Collect$$$$00000001) refers to entry2.o(.ARM.Collect$$$$00002712) for __lit__00000000
    entry2.o(.ARM.Collect$$$$00002712) refers to startup_tm4c129.o(STACK) for __initial_sp
    entry2.o(__vectab_stack_and_reset_area) refers to startup_tm4c129.o(STACK) for __initial_sp
    entry2.o(__vectab_stack_and_reset_area) refers to entry.o(.ARM.Collect$$$$00000000) for __main
    entry5.o(.ARM.Collect$$$$00000004) refers to init.o(.text) for __scatterload
    entry9a.o(.ARM.Collect$$$$0000000B) refers to main.o(.text) for main
    entry9b.o(.ARM.Collect$$$$0000000C) refers to main.o(.text) for main
    uldiv.o(.text) refers to llushr.o(.text) for __aeabi_llsr
    uldiv.o(.text) refers to llshl.o(.text) for __aeabi_llsl
    dadd.o(.text) refers to llshl.o(.text) for __aeabi_llsl
    dadd.o(.text) refers to llsshr.o(.text) for __aeabi_lasr
    dadd.o(.text) refers to depilogue.o(.text) for _double_epilogue
    dmul.o(.text) refers to depilogue.o(.text) for _double_epilogue
    ddiv.o(.text) refers to depilogue.o(.text) for _double_round
    dfixul.o(.text) refers to llushr.o(.text) for __aeabi_llsr
    dfixul.o(.text) refers to llshl.o(.text) for __aeabi_llsl
    init.o(.text) refers to entry5.o(.ARM.Collect$$$$00000004) for __main_after_scatterload
    depilogue.o(.text) refers to llshl.o(.text) for __aeabi_llsl
    depilogue.o(.text) refers to llushr.o(.text) for __aeabi_llsr


==============================================================================

Removing Unused input sections from the image.

    Removing startup_tm4c129.o(HEAP), (0 bytes).
    Removing startup_tm4c129.o(.text), (0 bytes).
    Removing watchdog.o(.text), (188 bytes).
    Removing adc.o(.text), (836 bytes).
    Removing adc.o(.data), (3 bytes).
    Removing aes.o(.text), (772 bytes).
    Removing can.o(.text), (1328 bytes).
    Removing can.o(.constdata), (32 bytes).
    Removing comp.o(.text), (146 bytes).
    Removing crc.o(.text), (74 bytes).
    Removing des.o(.text), (368 bytes).
    Removing eeprom.o(.text), (768 bytes).
    Removing emac.o(.text), (1780 bytes).
    Removing emac.o(.constdata), (40 bytes).
    Removing flash.o(.text), (440 bytes).
    Removing flash.o(.constdata), (128 bytes).
    Removing fpu.o(.text), (136 bytes).
    Removing hibernate.o(.text), (1668 bytes).
    Removing i2c.o(.text), (788 bytes).
    Removing i2c.o(.constdata), (128 bytes).
    Removing lcd.o(.text), (736 bytes).
    Removing mpu.o(.text), (168 bytes).
    Removing pwm.o(.text), (848 bytes).
    Removing qei.o(.text), (252 bytes).
    Removing shamd5.o(.text), (648 bytes).
    Removing ssi.o(.text), (396 bytes).
    Removing ssi.o(.constdata), (64 bytes).
    Removing sw_crc.o(.text), (696 bytes).
    Removing sw_crc.o(.constdata), (1792 bytes).
    Removing sysexc.o(.text), (144 bytes).
    Removing systick.o(.text), (126 bytes).
    Removing usb.o(.text), (2874 bytes).
    Removing mygpio.o(.data), (4 bytes).
    Removing ustdlib.o(.text), (1660 bytes).
    Removing ustdlib.o(.constdata), (76 bytes).
    Removing ustdlib.o(.conststring), (17 bytes).
    Removing ustdlib.o(.data), (4 bytes).
    Removing dadd.o(.text), (334 bytes).
    Removing dmul.o(.text), (228 bytes).
    Removing ddiv.o(.text), (222 bytes).
    Removing dfixul.o(.text), (48 bytes).
    Removing cdrcmple.o(.text), (40 bytes).
    Removing depilogue.o(.text), (190 bytes).

43 unused section(s) (total 21190 bytes) removed from the image.

==============================================================================

Image Symbol Table

    Local Symbols

    Symbol Name                              Value     Ov Type        Size  Object(Section)

    RESET                                    0x00000000   Section      540  startup_tm4c129.o(RESET)
    ../clib/../cmprslib/zerorunl.c           0x00000000   Number         0  __dczerorl.o ABSOLUTE
    ../clib/microlib/division.c              0x00000000   Number         0  uldiv.o ABSOLUTE
    ../clib/microlib/division.c              0x00000000   Number         0  uidiv.o ABSOLUTE
    ../clib/microlib/init/entry.s            0x00000000   Number         0  entry10a.o ABSOLUTE
    ../clib/microlib/init/entry.s            0x00000000   Number         0  entry2.o ABSOLUTE
    ../clib/microlib/init/entry.s            0x00000000   Number         0  entry8a.o ABSOLUTE
    ../clib/microlib/init/entry.s            0x00000000   Number         0  entry11a.o ABSOLUTE
    ../clib/microlib/init/entry.s            0x00000000   Number         0  entry10b.o ABSOLUTE
    ../clib/microlib/init/entry.s            0x00000000   Number         0  entry9b.o ABSOLUTE
    ../clib/microlib/init/entry.s            0x00000000   Number         0  entry9a.o ABSOLUTE
    ../clib/microlib/init/entry.s            0x00000000   Number         0  entry7a.o ABSOLUTE
    ../clib/microlib/init/entry.s            0x00000000   Number         0  entry.o ABSOLUTE
    ../clib/microlib/init/entry.s            0x00000000   Number         0  entry11b.o ABSOLUTE
    ../clib/microlib/init/entry.s            0x00000000   Number         0  entry8b.o ABSOLUTE
    ../clib/microlib/init/entry.s            0x00000000   Number         0  entry5.o ABSOLUTE
    ../clib/microlib/init/entry.s            0x00000000   Number         0  entry7b.o ABSOLUTE
    ../clib/microlib/longlong.c              0x00000000   Number         0  llushr.o ABSOLUTE
    ../clib/microlib/longlong.c              0x00000000   Number         0  llshl.o ABSOLUTE
    ../clib/microlib/longlong.c              0x00000000   Number         0  llsshr.o ABSOLUTE
    ../clib/microlib/printf/printf.c         0x00000000   Number         0  printfa.o ABSOLUTE
    ../clib/microlib/printf/printf.c         0x00000000   Number         0  printf8.o ABSOLUTE
    ../clib/microlib/printf/printf.c         0x00000000   Number         0  printf0.o ABSOLUTE
    ../clib/microlib/printf/printf.c         0x00000000   Number         0  printfb.o ABSOLUTE
    ../clib/microlib/printf/printf.c         0x00000000   Number         0  printf6.o ABSOLUTE
    ../clib/microlib/printf/printf.c         0x00000000   Number         0  printf7.o ABSOLUTE
    ../clib/microlib/printf/printf.c         0x00000000   Number         0  printf5.o ABSOLUTE
    ../clib/microlib/printf/printf.c         0x00000000   Number         0  printf4.o ABSOLUTE
    ../clib/microlib/printf/printf.c         0x00000000   Number         0  printf3.o ABSOLUTE
    ../clib/microlib/printf/printf.c         0x00000000   Number         0  printf2.o ABSOLUTE
    ../clib/microlib/printf/printf.c         0x00000000   Number         0  printf1.o ABSOLUTE
    ../clib/microlib/stdio/streams.c         0x00000000   Number         0  stdout.o ABSOLUTE
    ../clib/microlib/stubs.s                 0x00000000   Number         0  iusefp.o ABSOLUTE
    ../fplib/microlib/fpadd.c                0x00000000   Number         0  dadd.o ABSOLUTE
    ../fplib/microlib/fpdiv.c                0x00000000   Number         0  ddiv.o ABSOLUTE
    ../fplib/microlib/fpepilogue.c           0x00000000   Number         0  depilogue.o ABSOLUTE
    ../fplib/microlib/fpfix.c                0x00000000   Number         0  dfixul.o ABSOLUTE
    ../fplib/microlib/fpmul.c                0x00000000   Number         0  dmul.o ABSOLUTE
    ..\\driverlib\\cpu.c                     0x00000000   Number         0  cpu.o ABSOLUTE
    ..\\driverlib\\sysctl.c                  0x00000000   Number         0  sysctl.o ABSOLUTE
    ..\driverlib\adc.c                       0x00000000   Number         0  adc.o ABSOLUTE
    ..\driverlib\aes.c                       0x00000000   Number         0  aes.o ABSOLUTE
    ..\driverlib\can.c                       0x00000000   Number         0  can.o ABSOLUTE
    ..\driverlib\comp.c                      0x00000000   Number         0  comp.o ABSOLUTE
    ..\driverlib\cpu.c                       0x00000000   Number         0  cpu.o ABSOLUTE
    ..\driverlib\crc.c                       0x00000000   Number         0  crc.o ABSOLUTE
    ..\driverlib\des.c                       0x00000000   Number         0  des.o ABSOLUTE
    ..\driverlib\eeprom.c                    0x00000000   Number         0  eeprom.o ABSOLUTE
    ..\driverlib\emac.c                      0x00000000   Number         0  emac.o ABSOLUTE
    ..\driverlib\epi.c                       0x00000000   Number         0  epi.o ABSOLUTE
    ..\driverlib\flash.c                     0x00000000   Number         0  flash.o ABSOLUTE
    ..\driverlib\fpu.c                       0x00000000   Number         0  fpu.o ABSOLUTE
    ..\driverlib\gpio.c                      0x00000000   Number         0  gpio.o ABSOLUTE
    ..\driverlib\hibernate.c                 0x00000000   Number         0  hibernate.o ABSOLUTE
    ..\driverlib\i2c.c                       0x00000000   Number         0  i2c.o ABSOLUTE
    ..\driverlib\interrupt.c                 0x00000000   Number         0  interrupt.o ABSOLUTE
    ..\driverlib\lcd.c                       0x00000000   Number         0  lcd.o ABSOLUTE
    ..\driverlib\mpu.c                       0x00000000   Number         0  mpu.o ABSOLUTE
    ..\driverlib\pwm.c                       0x00000000   Number         0  pwm.o ABSOLUTE
    ..\driverlib\qei.c                       0x00000000   Number         0  qei.o ABSOLUTE
    ..\driverlib\shamd5.c                    0x00000000   Number         0  shamd5.o ABSOLUTE
    ..\driverlib\ssi.c                       0x00000000   Number         0  ssi.o ABSOLUTE
    ..\driverlib\sw_crc.c                    0x00000000   Number         0  sw_crc.o ABSOLUTE
    ..\driverlib\sysctl.c                    0x00000000   Number         0  sysctl.o ABSOLUTE
    ..\driverlib\sysexc.c                    0x00000000   Number         0  sysexc.o ABSOLUTE
    ..\driverlib\systick.c                   0x00000000   Number         0  systick.o ABSOLUTE
    ..\driverlib\timer.c                     0x00000000   Number         0  timer.o ABSOLUTE
    ..\driverlib\uart.c                      0x00000000   Number         0  uart.o ABSOLUTE
    ..\driverlib\udma.c                      0x00000000   Number         0  udma.o ABSOLUTE
    ..\driverlib\usb.c                       0x00000000   Number         0  usb.o ABSOLUTE
    ..\driverlib\watchdog.c                  0x00000000   Number         0  watchdog.o ABSOLUTE
    ..\user\main.c                           0x00000000   Number         0  main.o ABSOLUTE
    ..\user\myepi.c                          0x00000000   Number         0  myepi.o ABSOLUTE
    ..\user\mygpio.c                         0x00000000   Number         0  mygpio.o ABSOLUTE
    ..\user\mytimer0a.c                      0x00000000   Number         0  mytimer0a.o ABSOLUTE
    ..\user\myudma.c                         0x00000000   Number         0  myudma.o ABSOLUTE
    ..\utils\uartstdio.c                     0x00000000   Number         0  uartstdio.o ABSOLUTE
    ..\utils\ustdlib.c                       0x00000000   Number         0  ustdlib.o ABSOLUTE
    cdrcmple.s                               0x00000000   Number         0  cdrcmple.o ABSOLUTE
    dc.s                                     0x00000000   Number         0  dc.o ABSOLUTE
    handlers.s                               0x00000000   Number         0  handlers.o ABSOLUTE
    init.s                                   0x00000000   Number         0  init.o ABSOLUTE
    startup_TM4C129.s                        0x00000000   Number         0  startup_tm4c129.o ABSOLUTE
    $v0                                      0x00000200   Number         0  startup_tm4c129.o(RESET)
    NmiSR                                    0x00000215   Thumb Code     0  startup_tm4c129.o(RESET)
    FaultISR                                 0x00000217   Thumb Code     0  startup_tm4c129.o(RESET)
    IntDefaultHandler                        0x00000219   Thumb Code     0  startup_tm4c129.o(RESET)
    .ARM.Collect$$$$00000000                 0x0000021c   Section        0  entry.o(.ARM.Collect$$$$00000000)
    .ARM.Collect$$$$00000001                 0x0000021c   Section        4  entry2.o(.ARM.Collect$$$$00000001)
    .ARM.Collect$$$$00000004                 0x00000220   Section        4  entry5.o(.ARM.Collect$$$$00000004)
    .ARM.Collect$$$$00000008                 0x00000224   Section        0  entry7b.o(.ARM.Collect$$$$00000008)
    .ARM.Collect$$$$0000000A                 0x00000224   Section        0  entry8b.o(.ARM.Collect$$$$0000000A)
    .ARM.Collect$$$$0000000B                 0x00000224   Section        8  entry9a.o(.ARM.Collect$$$$0000000B)
    .ARM.Collect$$$$0000000D                 0x0000022c   Section        0  entry10a.o(.ARM.Collect$$$$0000000D)
    .ARM.Collect$$$$0000000F                 0x0000022c   Section        0  entry11a.o(.ARM.Collect$$$$0000000F)
    .ARM.Collect$$$$00002712                 0x0000022c   Section        4  entry2.o(.ARM.Collect$$$$00002712)
    __lit__00000000                          0x0000022c   Data           4  entry2.o(.ARM.Collect$$$$00002712)
    .emb_text                                0x00000230   Section       38  cpu.o(.emb_text)
    $v0                                      0x00000230   Number         0  cpu.o(.emb_text)
    .emb_text                                0x00000258   Section        6  sysctl.o(.emb_text)
    $v0                                      0x00000258   Number         0  sysctl.o(.emb_text)
    .text                                    0x00000260   Section        0  epi.o(.text)
    _EPIIntNumberGet                         0x000004b9   Thumb Code    20  epi.o(.text)
    .text                                    0x000004e4   Section        0  gpio.o(.text)
    _GPIOIntNumberGet                        0x000004e5   Thumb Code    50  gpio.o(.text)
    .text                                    0x00000ba8   Section        0  interrupt.o(.text)
    _IntDefaultHandler                       0x00000ba9   Thumb Code     2  interrupt.o(.text)
    .text                                    0x00000e10   Section        0  sysctl.o(.text)
    _SysCtlMemTimingGet                      0x000016db   Thumb Code    30  sysctl.o(.text)
    .text                                    0x00001704   Section        0  timer.o(.text)
    _TimerIntNumberGet                       0x00001705   Thumb Code    62  timer.o(.text)
    .text                                    0x0000199c   Section        0  uart.o(.text)
    _UARTIntNumberGet                        0x0000199d   Thumb Code    50  uart.o(.text)
    .text                                    0x00001c6c   Section        0  udma.o(.text)
    .text                                    0x00001f14   Section        0  main.o(.text)
    .text                                    0x00001fc4   Section        0  myepi.o(.text)
    .text                                    0x00002048   Section        0  mygpio.o(.text)
    .text                                    0x00002214   Section        0  mytimer0a.o(.text)
    .text                                    0x00002268   Section        0  myudma.o(.text)
    .text                                    0x0000231c   Section        0  uartstdio.o(.text)
    .text                                    0x00002604   Section       36  init.o(.text)
    .text                                    0x00002628   Section        0  __dczerorl.o(.text)
    i.__0printf$bare                         0x00002664   Section        0  printfb.o(i.__0printf$bare)
    i.__scatterload_copy                     0x00002674   Section       14  handlers.o(i.__scatterload_copy)
    i.__scatterload_null                     0x00002682   Section        2  handlers.o(i.__scatterload_null)
    i.__scatterload_zeroinit                 0x00002684   Section       14  handlers.o(i.__scatterload_zeroinit)
    i._printf_core                           0x00002692   Section        0  printfb.o(i._printf_core)
    _printf_core                             0x00002693   Thumb Code    34  printfb.o(i._printf_core)
    .constdata                               0x000026b4   Section      528  gpio.o(.constdata)
    g_ppui32GPIOIntMapBlizzard               0x000026b4   Data         192  gpio.o(.constdata)
    g_ppui32GPIOIntMapSnowflake              0x00002774   Data         192  gpio.o(.constdata)
    g_pui32GPIOBaseAddrs                     0x00002834   Data         144  gpio.o(.constdata)
    .constdata                               0x000028c4   Section      268  interrupt.o(.constdata)
    g_pui32Priority                          0x000028c4   Data          32  interrupt.o(.constdata)
    g_pui32Regs                              0x000028e4   Data         156  interrupt.o(.constdata)
    g_pui32EnRegs                            0x00002980   Data          20  interrupt.o(.constdata)
    g_pui32Dii16Regs                         0x00002994   Data          20  interrupt.o(.constdata)
    g_pui32PendRegs                          0x000029a8   Data          20  interrupt.o(.constdata)
    g_pui32UnpendRegs                        0x000029bc   Data          20  interrupt.o(.constdata)
    .constdata                               0x000029d0   Section      460  sysctl.o(.constdata)
    g_pui32VCOFrequencies                    0x000029d0   Data           8  sysctl.o(.constdata)
    g_pui32Xtals                             0x000029d8   Data         108  sysctl.o(.constdata)
    g_pppui32XTALtoVCO                       0x00002a44   Data         288  sysctl.o(.constdata)
    g_sXTALtoMEMTIM                          0x00002b64   Data          56  sysctl.o(.constdata)
    .constdata                               0x00002b9c   Section      160  timer.o(.constdata)
    g_ppui32TimerIntMap                      0x00002b9c   Data          96  timer.o(.constdata)
    g_ppui32TimerIntMapSnowflake             0x00002bfc   Data          64  timer.o(.constdata)
    .constdata                               0x00002c3c   Section      128  uart.o(.constdata)
    g_ppui32UARTIntMap                       0x00002c3c   Data          64  uart.o(.constdata)
    g_ppui32UARTIntMapSnowflake              0x00002c7c   Data          64  uart.o(.constdata)
    .constdata                               0x00002cbc   Section       28  uartstdio.o(.constdata)
    g_pcHex                                  0x00002cbc   Data           4  uartstdio.o(.constdata)
    g_ui32UARTBase                           0x00002cc0   Data          12  uartstdio.o(.constdata)
    g_ui32UARTPeriph                         0x00002ccc   Data          12  uartstdio.o(.constdata)
    .conststring                             0x00002cd8   Section       17  uartstdio.o(.conststring)
    .data                                    0x20000000   Section        4  myepi.o(.data)
    .data                                    0x20000004   Section        4  myudma.o(.data)
    .data                                    0x20000008   Section        8  uartstdio.o(.data)
    bLastWasCR                               0x20000008   Data           1  uartstdio.o(.data)
    g_ui32Base                               0x2000000c   Data           4  uartstdio.o(.data)
    .data                                    0x20000010   Section        4  stdout.o(.data)
    vtable                                   0x20000400   Section      620  interrupt.o(vtable)
    g_pfnRAMVectors                          0x20000400   Data         620  interrupt.o(vtable)
    .bss                                     0x2000066c   Section       16  mygpio.o(.bss)
    .bss                                     0x20000800   Section     1024  myudma.o(.bss)
    STACK                                    0x20000c00   Section     1024  startup_tm4c129.o(STACK)
    StackMem                                 0x20000c00   Data           0  startup_tm4c129.o(STACK)

    Global Symbols

    Symbol Name                              Value     Ov Type        Size  Object(Section)

    BuildAttributes$$THM_ISAv4$E$P$D$K$B$S$7EM$VFPi3$EXTD16$VFPS$VFMA$PE$A:L22UL41UL21$X:L11$S22US41US21$IEEE1$IW$USESV6$~STKCKD$USESV7$~SHL$OSPACE$ROPI$EBA8$MICROLIB$REQ8$PRES8$EABIv2 0x00000000   Number         0  anon$$obj.o ABSOLUTE
    __ARM_use_no_argv                        0x00000000   Number         0  main.o ABSOLUTE
    __Vectors                                0x00000000   Data           0  startup_tm4c129.o(RESET)
    __cpp_initialize__aeabi_                  - Undefined Weak Reference
    __cxa_finalize                            - Undefined Weak Reference
    _clock_init                               - Undefined Weak Reference
    _microlib_exit                            - Undefined Weak Reference
    Reset_Handler                            0x00000201   Thumb Code     0  startup_tm4c129.o(RESET)
    __main                                   0x0000021d   Thumb Code     0  entry.o(.ARM.Collect$$$$00000000)
    _main_stk                                0x0000021d   Thumb Code     0  entry2.o(.ARM.Collect$$$$00000001)
    _main_scatterload                        0x00000221   Thumb Code     0  entry5.o(.ARM.Collect$$$$00000004)
    __main_after_scatterload                 0x00000225   Thumb Code     0  entry5.o(.ARM.Collect$$$$00000004)
    _main_clock                              0x00000225   Thumb Code     0  entry7b.o(.ARM.Collect$$$$00000008)
    _main_cpp_init                           0x00000225   Thumb Code     0  entry8b.o(.ARM.Collect$$$$0000000A)
    _main_init                               0x00000225   Thumb Code     0  entry9a.o(.ARM.Collect$$$$0000000B)
    __rt_final_cpp                           0x0000022d   Thumb Code     0  entry10a.o(.ARM.Collect$$$$0000000D)
    __rt_final_exit                          0x0000022d   Thumb Code     0  entry11a.o(.ARM.Collect$$$$0000000F)
    CPUcpsid                                 0x00000231   Thumb Code     8  cpu.o(.emb_text)
    CPUprimask                               0x00000239   Thumb Code     6  cpu.o(.emb_text)
    CPUcpsie                                 0x0000023f   Thumb Code     8  cpu.o(.emb_text)
    CPUwfi                                   0x00000247   Thumb Code     4  cpu.o(.emb_text)
    CPUbasepriSet                            0x0000024b   Thumb Code     6  cpu.o(.emb_text)
    CPUbasepriGet                            0x00000251   Thumb Code     6  cpu.o(.emb_text)
    SysCtlDelay                              0x00000259   Thumb Code     6  sysctl.o(.emb_text)
    EPIModeSet                               0x00000261   Thumb Code     4  epi.o(.text)
    EPIDividerSet                            0x00000265   Thumb Code     4  epi.o(.text)
    EPIDividerCSSet                          0x00000269   Thumb Code    44  epi.o(.text)
    EPIDMATxCount                            0x00000295   Thumb Code     8  epi.o(.text)
    EPIConfigSDRAMSet                        0x0000029d   Thumb Code    12  epi.o(.text)
    EPIConfigHB8Set                          0x000002a9   Thumb Code    32  epi.o(.text)
    EPIConfigHB16Set                         0x000002c9   Thumb Code    32  epi.o(.text)
    EPIConfigHB8CSSet                        0x000002e9   Thumb Code    30  epi.o(.text)
    EPIConfigHB16CSSet                       0x00000307   Thumb Code    30  epi.o(.text)
    EPIConfigHB8TimingSet                    0x00000325   Thumb Code    10  epi.o(.text)
    EPIConfigHB16TimingSet                   0x0000032f   Thumb Code    10  epi.o(.text)
    EPIPSRAMConfigRegSet                     0x00000339   Thumb Code    34  epi.o(.text)
    EPIPSRAMConfigRegRead                    0x0000035b   Thumb Code    26  epi.o(.text)
    EPIPSRAMConfigRegGetNonBlocking          0x00000375   Thumb Code    38  epi.o(.text)
    EPIPSRAMConfigRegGet                     0x0000039b   Thumb Code    30  epi.o(.text)
    EPIConfigGPModeSet                       0x000003b9   Thumb Code    20  epi.o(.text)
    EPIAddressMapSet                         0x000003cd   Thumb Code     4  epi.o(.text)
    EPINonBlockingReadConfigure              0x000003d1   Thumb Code    10  epi.o(.text)
    EPINonBlockingReadStart                  0x000003db   Thumb Code     8  epi.o(.text)
    EPINonBlockingReadStop                   0x000003e3   Thumb Code    10  epi.o(.text)
    EPINonBlockingReadCount                  0x000003ed   Thumb Code     8  epi.o(.text)
    EPINonBlockingReadAvail                  0x000003f5   Thumb Code     4  epi.o(.text)
    EPINonBlockingReadGet32                  0x000003f9   Thumb Code    26  epi.o(.text)
    EPINonBlockingReadGet16                  0x00000413   Thumb Code    28  epi.o(.text)
    EPINonBlockingReadGet8                   0x0000042f   Thumb Code    28  epi.o(.text)
    EPIFIFOConfig                            0x0000044b   Thumb Code     6  epi.o(.text)
    EPIWriteFIFOCountGet                     0x00000451   Thumb Code     6  epi.o(.text)
    EPIIntEnable                             0x00000457   Thumb Code    12  epi.o(.text)
    EPIIntDisable                            0x00000463   Thumb Code    12  epi.o(.text)
    EPIIntStatus                             0x0000046f   Thumb Code    14  epi.o(.text)
    EPIIntErrorStatus                        0x0000047d   Thumb Code     6  epi.o(.text)
    EPIIntErrorClear                         0x00000483   Thumb Code     6  epi.o(.text)
    EPIIntRegister                           0x00000489   Thumb Code    26  epi.o(.text)
    EPIIntUnregister                         0x000004a3   Thumb Code    22  epi.o(.text)
    GPIODirModeSet                           0x00000517   Thumb Code    38  gpio.o(.text)
    GPIODirModeGet                           0x0000053d   Thumb Code    38  gpio.o(.text)
    GPIOIntTypeSet                           0x00000563   Thumb Code    78  gpio.o(.text)
    GPIOIntTypeGet                           0x000005b1   Thumb Code    66  gpio.o(.text)
    GPIOPadConfigSet                         0x000005f3   Thumb Code   282  gpio.o(.text)
    GPIOPadConfigGet                         0x0000070d   Thumb Code   166  gpio.o(.text)
    GPIOIntEnable                            0x000007b3   Thumb Code    14  gpio.o(.text)
    GPIOIntDisable                           0x000007c1   Thumb Code    14  gpio.o(.text)
    GPIOIntStatus                            0x000007cf   Thumb Code    14  gpio.o(.text)
    GPIOIntClear                             0x000007dd   Thumb Code     6  gpio.o(.text)
    GPIOIntRegister                          0x000007e3   Thumb Code    26  gpio.o(.text)
    GPIOIntUnregister                        0x000007fd   Thumb Code    22  gpio.o(.text)
    GPIOPinRead                              0x00000813   Thumb Code     6  gpio.o(.text)
    GPIOPinWrite                             0x00000819   Thumb Code     6  gpio.o(.text)
    GPIOPinTypeADC                           0x0000081f   Thumb Code    26  gpio.o(.text)
    GPIOPinTypeCAN                           0x00000839   Thumb Code    26  gpio.o(.text)
    GPIOPinTypeComparator                    0x00000853   Thumb Code    26  gpio.o(.text)
    GPIOPinTypeEPI                           0x0000086d   Thumb Code    26  gpio.o(.text)
    GPIOPinTypeEthernetLED                   0x00000887   Thumb Code    26  gpio.o(.text)
    GPIOPinTypeEthernetMII                   0x000008a1   Thumb Code    26  gpio.o(.text)
    GPIOPinTypeFan                           0x000008bb   Thumb Code    42  gpio.o(.text)
    GPIOPinTypeGPIOInput                     0x000008e5   Thumb Code    26  gpio.o(.text)
    GPIOPinTypeGPIOOutput                    0x000008ff   Thumb Code    26  gpio.o(.text)
    GPIOPinTypeGPIOOutputOD                  0x00000919   Thumb Code    26  gpio.o(.text)
    GPIOPinTypeI2C                           0x00000933   Thumb Code    26  gpio.o(.text)
    GPIOPinTypeI2CSCL                        0x0000094d   Thumb Code    26  gpio.o(.text)
    GPIOPinTypeLCD                           0x00000967   Thumb Code    26  gpio.o(.text)
    GPIOPinTypeLPC                           0x00000981   Thumb Code    26  gpio.o(.text)
    GPIOPinTypePECIRx                        0x0000099b   Thumb Code    26  gpio.o(.text)
    GPIOPinTypePECITx                        0x000009b5   Thumb Code    26  gpio.o(.text)
    GPIOPinTypePWM                           0x000009cf   Thumb Code    26  gpio.o(.text)
    GPIOPinTypeQEI                           0x000009e9   Thumb Code    26  gpio.o(.text)
    GPIOPinTypeSSI                           0x00000a03   Thumb Code    26  gpio.o(.text)
    GPIOPinTypeTimer                         0x00000a1d   Thumb Code    26  gpio.o(.text)
    GPIOPinTypeUART                          0x00000a37   Thumb Code    26  gpio.o(.text)
    GPIOPinTypeUSBAnalog                     0x00000a51   Thumb Code    26  gpio.o(.text)
    GPIOPinTypeUSBDigital                    0x00000a6b   Thumb Code    26  gpio.o(.text)
    GPIOPinTypeWakeHigh                      0x00000a85   Thumb Code    28  gpio.o(.text)
    GPIOPinTypeWakeLow                       0x00000aa1   Thumb Code    28  gpio.o(.text)
    GPIOPinTypeKBRow                         0x00000abd   Thumb Code    26  gpio.o(.text)
    GPIOPinTypeKBColumn                      0x00000ad7   Thumb Code    26  gpio.o(.text)
    GPIOPinTypeLEDSeq                        0x00000af1   Thumb Code    26  gpio.o(.text)
    GPIOPinTypeCIR                           0x00000b0b   Thumb Code    26  gpio.o(.text)
    GPIOPinWakeStatus                        0x00000b25   Thumb Code     6  gpio.o(.text)
    GPIOPinConfigure                         0x00000b2b   Thumb Code    62  gpio.o(.text)
    GPIODMATriggerEnable                     0x00000b69   Thumb Code    14  gpio.o(.text)
    GPIODMATriggerDisable                    0x00000b77   Thumb Code    14  gpio.o(.text)
    GPIOADCTriggerEnable                     0x00000b85   Thumb Code    14  gpio.o(.text)
    GPIOADCTriggerDisable                    0x00000b93   Thumb Code    14  gpio.o(.text)
    IntMasterEnable                          0x00000bab   Thumb Code    14  interrupt.o(.text)
    IntMasterDisable                         0x00000bb9   Thumb Code    14  interrupt.o(.text)
    IntRegister                              0x00000bc7   Thumb Code    38  interrupt.o(.text)
    IntUnregister                            0x00000bed   Thumb Code    10  interrupt.o(.text)
    IntPriorityGroupingSet                   0x00000bf7   Thumb Code    18  interrupt.o(.text)
    IntPriorityGroupingGet                   0x00000c09   Thumb Code    30  interrupt.o(.text)
    IntPrioritySet                           0x00000c27   Thumb Code    32  interrupt.o(.text)
    IntPriorityGet                           0x00000c47   Thumb Code    22  interrupt.o(.text)
    IntEnable                                0x00000c5d   Thumb Code    88  interrupt.o(.text)
    IntDisable                               0x00000cb5   Thumb Code    88  interrupt.o(.text)
    IntIsEnabled                             0x00000d0d   Thumb Code    90  interrupt.o(.text)
    IntPendSet                               0x00000d67   Thumb Code    70  interrupt.o(.text)
    IntPendClear                             0x00000dad   Thumb Code    58  interrupt.o(.text)
    IntPriorityMaskSet                       0x00000de7   Thumb Code     4  interrupt.o(.text)
    IntPriorityMaskGet                       0x00000deb   Thumb Code     4  interrupt.o(.text)
    IntTrigger                               0x00000def   Thumb Code     8  interrupt.o(.text)
    SysCtlSRAMSizeGet                        0x00000e11   Thumb Code    10  sysctl.o(.text)
    SysCtlFlashSizeGet                       0x00000e1b   Thumb Code    42  sysctl.o(.text)
    SysCtlFlashSectorSizeGet                 0x00000e45   Thumb Code    40  sysctl.o(.text)
    SysCtlPeripheralPresent                  0x00000e6d   Thumb Code    40  sysctl.o(.text)
    SysCtlPeripheralReady                    0x00000e95   Thumb Code    40  sysctl.o(.text)
    SysCtlPeripheralPowerOn                  0x00000ebd   Thumb Code    36  sysctl.o(.text)
    SysCtlPeripheralPowerOff                 0x00000ee1   Thumb Code    36  sysctl.o(.text)
    SysCtlPeripheralReset                    0x00000f05   Thumb Code    54  sysctl.o(.text)
    SysCtlPeripheralEnable                   0x00000f3b   Thumb Code    36  sysctl.o(.text)
    SysCtlPeripheralDisable                  0x00000f5f   Thumb Code    36  sysctl.o(.text)
    SysCtlPeripheralSleepEnable              0x00000f83   Thumb Code    36  sysctl.o(.text)
    SysCtlPeripheralSleepDisable             0x00000fa7   Thumb Code    36  sysctl.o(.text)
    SysCtlPeripheralDeepSleepEnable          0x00000fcb   Thumb Code    36  sysctl.o(.text)
    SysCtlPeripheralDeepSleepDisable         0x00000fef   Thumb Code    36  sysctl.o(.text)
    SysCtlPeripheralClockGating              0x00001013   Thumb Code    58  sysctl.o(.text)
    SysCtlIntRegister                        0x0000104d   Thumb Code    20  sysctl.o(.text)
    SysCtlIntUnregister                      0x00001061   Thumb Code    18  sysctl.o(.text)
    SysCtlIntEnable                          0x00001073   Thumb Code    12  sysctl.o(.text)
    SysCtlIntDisable                         0x0000107f   Thumb Code    12  sysctl.o(.text)
    SysCtlIntClear                           0x0000108b   Thumb Code     8  sysctl.o(.text)
    SysCtlIntStatus                          0x00001093   Thumb Code    14  sysctl.o(.text)
    SysCtlReset                              0x000010a1   Thumb Code     8  sysctl.o(.text)
    SysCtlSleep                              0x000010a9   Thumb Code     4  sysctl.o(.text)
    SysCtlDeepSleep                          0x000010ad   Thumb Code    28  sysctl.o(.text)
    SysCtlResetCauseGet                      0x000010c9   Thumb Code     8  sysctl.o(.text)
    SysCtlResetCauseClear                    0x000010d1   Thumb Code    12  sysctl.o(.text)
    SysCtlMOSCConfigSet                      0x000010dd   Thumb Code     8  sysctl.o(.text)
    SysCtlPIOSCCalibrate                     0x000010e5   Thumb Code    64  sysctl.o(.text)
    SysCtlResetBehaviorSet                   0x00001125   Thumb Code     6  sysctl.o(.text)
    SysCtlResetBehaviorGet                   0x0000112b   Thumb Code     6  sysctl.o(.text)
    SysCtlClockFreqSet                       0x00001131   Thumb Code   622  sysctl.o(.text)
    SysCtlClockSet                           0x0000139f   Thumb Code   250  sysctl.o(.text)
    SysCtlClockGet                           0x00001499   Thumb Code   220  sysctl.o(.text)
    SysCtlDeepSleepClockSet                  0x00001575   Thumb Code     6  sysctl.o(.text)
    SysCtlDeepSleepClockConfigSet            0x0000157b   Thumb Code   110  sysctl.o(.text)
    SysCtlPWMClockSet                        0x000015e9   Thumb Code    14  sysctl.o(.text)
    SysCtlPWMClockGet                        0x000015f7   Thumb Code    20  sysctl.o(.text)
    SysCtlADCSpeedSet                        0x0000160b   Thumb Code    26  sysctl.o(.text)
    SysCtlADCSpeedGet                        0x00001625   Thumb Code    12  sysctl.o(.text)
    SysCtlGPIOAHBEnable                      0x00001631   Thumb Code    18  sysctl.o(.text)
    SysCtlGPIOAHBDisable                     0x00001643   Thumb Code    18  sysctl.o(.text)
    SysCtlUSBPLLEnable                       0x00001655   Thumb Code    64  sysctl.o(.text)
    SysCtlUSBPLLDisable                      0x00001695   Thumb Code    12  sysctl.o(.text)
    SysCtlVoltageEventConfig                 0x000016a1   Thumb Code     6  sysctl.o(.text)
    SysCtlVoltageEventStatus                 0x000016a7   Thumb Code     6  sysctl.o(.text)
    SysCtlVoltageEventClear                  0x000016ad   Thumb Code    10  sysctl.o(.text)
    SysCtlNMIStatus                          0x000016b7   Thumb Code     6  sysctl.o(.text)
    SysCtlNMIClear                           0x000016bd   Thumb Code    10  sysctl.o(.text)
    SysCtlClockOutConfig                     0x000016c7   Thumb Code    12  sysctl.o(.text)
    SysCtlAltClkConfig                       0x000016d3   Thumb Code     8  sysctl.o(.text)
    TimerEnable                              0x00001743   Thumb Code    14  timer.o(.text)
    TimerDisable                             0x00001751   Thumb Code    14  timer.o(.text)
    TimerConfigure                           0x0000175f   Thumb Code    78  timer.o(.text)
    TimerControlLevel                        0x000017ad   Thumb Code    22  timer.o(.text)
    TimerControlTrigger                      0x000017c3   Thumb Code    56  timer.o(.text)
    TimerControlEvent                        0x000017fb   Thumb Code    18  timer.o(.text)
    TimerControlStall                        0x0000180d   Thumb Code    22  timer.o(.text)
    TimerControlWaitOnTrigger                0x00001823   Thumb Code    46  timer.o(.text)
    TimerRTCEnable                           0x00001851   Thumb Code    10  timer.o(.text)
    TimerRTCDisable                          0x0000185b   Thumb Code    10  timer.o(.text)
    TimerClockSourceSet                      0x00001865   Thumb Code     6  timer.o(.text)
    TimerClockSourceGet                      0x0000186b   Thumb Code     6  timer.o(.text)
    TimerPrescaleSet                         0x00001871   Thumb Code    18  timer.o(.text)
    TimerPrescaleGet                         0x00001883   Thumb Code    12  timer.o(.text)
    TimerPrescaleMatchSet                    0x0000188f   Thumb Code    18  timer.o(.text)
    TimerPrescaleMatchGet                    0x000018a1   Thumb Code    12  timer.o(.text)
    TimerLoadSet                             0x000018ad   Thumb Code    18  timer.o(.text)
    TimerLoadGet                             0x000018bf   Thumb Code    12  timer.o(.text)
    TimerLoadSet64                           0x000018cb   Thumb Code     6  timer.o(.text)
    TimerLoadGet64                           0x000018d1   Thumb Code    14  timer.o(.text)
    TimerValueGet                            0x000018df   Thumb Code    12  timer.o(.text)
    TimerValueGet64                          0x000018eb   Thumb Code    14  timer.o(.text)
    TimerMatchSet                            0x000018f9   Thumb Code    18  timer.o(.text)
    TimerMatchGet                            0x0000190b   Thumb Code    12  timer.o(.text)
    TimerMatchSet64                          0x00001917   Thumb Code     6  timer.o(.text)
    TimerMatchGet64                          0x0000191d   Thumb Code    14  timer.o(.text)
    TimerIntRegister                         0x0000192b   Thumb Code    26  timer.o(.text)
    TimerIntUnregister                       0x00001945   Thumb Code    22  timer.o(.text)
    TimerIntEnable                           0x0000195b   Thumb Code     8  timer.o(.text)
    TimerIntDisable                          0x00001963   Thumb Code     8  timer.o(.text)
    TimerIntStatus                           0x0000196b   Thumb Code    10  timer.o(.text)
    TimerIntClear                            0x00001975   Thumb Code     4  timer.o(.text)
    TimerSynchronize                         0x00001979   Thumb Code     4  timer.o(.text)
    TimerADCEventSet                         0x0000197d   Thumb Code     4  timer.o(.text)
    TimerADCEventGet                         0x00001981   Thumb Code     4  timer.o(.text)
    TimerDMAEventSet                         0x00001985   Thumb Code     4  timer.o(.text)
    TimerDMAEventGet                         0x00001989   Thumb Code     4  timer.o(.text)
    UARTParityModeSet                        0x000019cf   Thumb Code    12  uart.o(.text)
    UARTParityModeGet                        0x000019db   Thumb Code     8  uart.o(.text)
    UARTFIFOLevelSet                         0x000019e3   Thumb Code     6  uart.o(.text)
    UARTFIFOLevelGet                         0x000019e9   Thumb Code    16  uart.o(.text)
    UARTEnable                               0x000019f9   Thumb Code    20  uart.o(.text)
    UARTDisable                              0x00001a0d   Thumb Code    26  uart.o(.text)
    UARTConfigSetExpClk                      0x00001a27   Thumb Code    70  uart.o(.text)
    UARTConfigGetExpClk                      0x00001a6d   Thumb Code    40  uart.o(.text)
    UARTFIFOEnable                           0x00001a95   Thumb Code    10  uart.o(.text)
    UARTFIFODisable                          0x00001a9f   Thumb Code    10  uart.o(.text)
    UARTEnableSIR                            0x00001aa9   Thumb Code    20  uart.o(.text)
    UARTDisableSIR                           0x00001abd   Thumb Code    10  uart.o(.text)
    UARTSmartCardEnable                      0x00001ac7   Thumb Code    22  uart.o(.text)
    UARTSmartCardDisable                     0x00001add   Thumb Code    10  uart.o(.text)
    UARTModemControlSet                      0x00001ae7   Thumb Code    12  uart.o(.text)
    UARTModemControlClear                    0x00001af3   Thumb Code    12  uart.o(.text)
    UARTModemControlGet                      0x00001aff   Thumb Code     8  uart.o(.text)
    UARTModemStatusGet                       0x00001b07   Thumb Code    10  uart.o(.text)
    UARTFlowControlSet                       0x00001b11   Thumb Code    12  uart.o(.text)
    UARTFlowControlGet                       0x00001b1d   Thumb Code     8  uart.o(.text)
    UARTTxIntModeSet                         0x00001b25   Thumb Code    12  uart.o(.text)
    UARTTxIntModeGet                         0x00001b31   Thumb Code     8  uart.o(.text)
    UARTCharsAvail                           0x00001b39   Thumb Code    10  uart.o(.text)
    UARTSpaceAvail                           0x00001b43   Thumb Code    10  uart.o(.text)
    UARTCharGetNonBlocking                   0x00001b4d   Thumb Code    16  uart.o(.text)
    UARTCharGet                              0x00001b5d   Thumb Code    10  uart.o(.text)
    UARTCharPutNonBlocking                   0x00001b67   Thumb Code    16  uart.o(.text)
    UARTCharPut                              0x00001b77   Thumb Code    10  uart.o(.text)
    UARTBreakCtl                             0x00001b81   Thumb Code    20  uart.o(.text)
    UARTBusy                                 0x00001b95   Thumb Code     8  uart.o(.text)
    UARTIntRegister                          0x00001b9d   Thumb Code    26  uart.o(.text)
    UARTIntUnregister                        0x00001bb7   Thumb Code    22  uart.o(.text)
    UARTIntEnable                            0x00001bcd   Thumb Code     8  uart.o(.text)
    UARTIntDisable                           0x00001bd5   Thumb Code     8  uart.o(.text)
    UARTIntStatus                            0x00001bdd   Thumb Code    10  uart.o(.text)
    UARTIntClear                             0x00001be7   Thumb Code     4  uart.o(.text)
    UARTDMAEnable                            0x00001beb   Thumb Code     8  uart.o(.text)
    UARTDMADisable                           0x00001bf3   Thumb Code     8  uart.o(.text)
    UARTRxErrorGet                           0x00001bfb   Thumb Code     8  uart.o(.text)
    UARTRxErrorClear                         0x00001c03   Thumb Code     6  uart.o(.text)
    UARTClockSourceSet                       0x00001c09   Thumb Code     6  uart.o(.text)
    UARTClockSourceGet                       0x00001c0f   Thumb Code     6  uart.o(.text)
    UART9BitEnable                           0x00001c15   Thumb Code    12  uart.o(.text)
    UART9BitDisable                          0x00001c21   Thumb Code    12  uart.o(.text)
    UART9BitAddrSet                          0x00001c2d   Thumb Code     8  uart.o(.text)
    UART9BitAddrSend                         0x00001c35   Thumb Code    38  uart.o(.text)
    uDMAEnable                               0x00001c6d   Thumb Code     8  udma.o(.text)
    uDMADisable                              0x00001c75   Thumb Code     8  udma.o(.text)
    uDMAErrorStatusGet                       0x00001c7d   Thumb Code     6  udma.o(.text)
    uDMAErrorStatusClear                     0x00001c83   Thumb Code     8  udma.o(.text)
    uDMAChannelEnable                        0x00001c8b   Thumb Code    14  udma.o(.text)
    uDMAChannelDisable                       0x00001c99   Thumb Code    14  udma.o(.text)
    uDMAChannelIsEnabled                     0x00001ca7   Thumb Code    24  udma.o(.text)
    uDMAControlBaseSet                       0x00001cbf   Thumb Code     6  udma.o(.text)
    uDMAControlBaseGet                       0x00001cc5   Thumb Code     6  udma.o(.text)
    uDMAControlAlternateBaseGet              0x00001ccb   Thumb Code     6  udma.o(.text)
    uDMAChannelRequest                       0x00001cd1   Thumb Code    14  udma.o(.text)
    uDMAChannelAttributeEnable               0x00001cdf   Thumb Code    52  udma.o(.text)
    uDMAChannelAttributeDisable              0x00001d13   Thumb Code    52  udma.o(.text)
    uDMAChannelAttributeGet                  0x00001d47   Thumb Code    56  udma.o(.text)
    uDMAChannelControlSet                    0x00001d7f   Thumb Code    24  udma.o(.text)
    uDMAChannelTransferSet                   0x00001d97   Thumb Code   126  udma.o(.text)
    uDMAChannelScatterGatherSet              0x00001e15   Thumb Code    62  udma.o(.text)
    uDMAChannelSizeGet                       0x00001e53   Thumb Code    28  udma.o(.text)
    uDMAChannelModeGet                       0x00001e6f   Thumb Code    40  udma.o(.text)
    uDMAChannelSelectSecondary               0x00001e97   Thumb Code    10  udma.o(.text)
    uDMAChannelSelectDefault                 0x00001ea1   Thumb Code    10  udma.o(.text)
    uDMAIntRegister                          0x00001eab   Thumb Code    18  udma.o(.text)
    uDMAIntUnregister                        0x00001ebd   Thumb Code    18  udma.o(.text)
    uDMAIntStatus                            0x00001ecf   Thumb Code     8  udma.o(.text)
    uDMAIntClear                             0x00001ed7   Thumb Code     8  udma.o(.text)
    uDMAChannelAssign                        0x00001edf   Thumb Code    36  udma.o(.text)
    fputc                                    0x00001f15   Thumb Code    16  main.o(.text)
    UartInit                                 0x00001f25   Thumb Code    38  main.o(.text)
    main                                     0x00001f4b   Thumb Code    62  main.o(.text)
    EPI_Init                                 0x00001fc5   Thumb Code    66  myepi.o(.text)
    EPIIntHandler                            0x00002007   Thumb Code    44  myepi.o(.text)
    All_GPIOInit                             0x00002049   Thumb Code   374  mygpio.o(.text)
    Timer0_A_Init                            0x00002215   Thumb Code    48  mytimer0a.o(.text)
    Timer0AIntHandler                        0x00002245   Thumb Code    24  mytimer0a.o(.text)
    uDMAErrorHandler                         0x00002269   Thumb Code    34  myudma.o(.text)
    DMA_Init                                 0x0000228b   Thumb Code    86  myudma.o(.text)
    dma_write                                0x000022e1   Thumb Code    34  myudma.o(.text)
    UARTStdioConfig                          0x0000231d   Thumb Code    82  uartstdio.o(.text)
    UARTwrite                                0x0000236f   Thumb Code    56  uartstdio.o(.text)
    UARTgets                                 0x000023a7   Thumb Code   116  uartstdio.o(.text)
    UARTgetc                                 0x0000241b   Thumb Code    20  uartstdio.o(.text)
    UARTvprintf                              0x0000242f   Thumb Code   422  uartstdio.o(.text)
    UARTprintf                               0x000025d5   Thumb Code    18  uartstdio.o(.text)
    __scatterload                            0x00002605   Thumb Code    28  init.o(.text)
    __scatterload_rt2                        0x00002605   Thumb Code     0  init.o(.text)
    __decompress                             0x00002629   Thumb Code     0  __dczerorl.o(.text)
    __decompress0                            0x00002629   Thumb Code    58  __dczerorl.o(.text)
    __0printf$bare                           0x00002665   Thumb Code     8  printfb.o(i.__0printf$bare)
    __1printf$bare                           0x00002665   Thumb Code     0  printfb.o(i.__0printf$bare)
    __2printf                                0x00002665   Thumb Code     0  printfb.o(i.__0printf$bare)
    __scatterload_copy                       0x00002675   Thumb Code    14  handlers.o(i.__scatterload_copy)
    __scatterload_null                       0x00002683   Thumb Code     2  handlers.o(i.__scatterload_null)
    __scatterload_zeroinit                   0x00002685   Thumb Code    14  handlers.o(i.__scatterload_zeroinit)
    Region$$Table$$Base                      0x00002cec   Number         0  anon$$obj.o(Region$$Table)
    Region$$Table$$Limit                     0x00002d0c   Number         0  anon$$obj.o(Region$$Table)
    g_ui32EPIErrors                          0x20000000   Data           2  myepi.o(.data)
    g_ui32EPIStatus                          0x20000002   Data           2  myepi.o(.data)
    g_uluDMAErrCount                         0x20000004   Data           4  myudma.o(.data)
    __stdout                                 0x20000010   Data           4  stdout.o(.data)
    send_data                                0x2000066c   Data          16  mygpio.o(.bss)
    pui8ControlTable                         0x20000800   Data        1024  myudma.o(.bss)
    __initial_sp                             0x20001000   Data           0  startup_tm4c129.o(STACK)



==============================================================================

Memory Map of the image

  Image Entry point : 0x0000021d

  Load Region LR_IROM1 (Base: 0x00000000, Size: 0x00003378, Max: 0x00090000, ABSOLUTE, COMPRESSED[0x00002d1c])

    Execution Region ER_IROM1 (Base: 0x00000000, Size: 0x00002d0c, Max: 0x00090000, ABSOLUTE)

    Base Addr    Size         Type   Attr      Idx    E Section Name        Object

    0x00000000   0x0000021c   Code   RO            3    RESET               startup_tm4c129.o
    0x0000021c   0x00000000   Code   RO          759  * .ARM.Collect$$$$00000000  mc_w.l(entry.o)
    0x0000021c   0x00000004   Code   RO         1022    .ARM.Collect$$$$00000001  mc_w.l(entry2.o)
    0x00000220   0x00000004   Code   RO         1025    .ARM.Collect$$$$00000004  mc_w.l(entry5.o)
    0x00000224   0x00000000   Code   RO         1027    .ARM.Collect$$$$00000008  mc_w.l(entry7b.o)
    0x00000224   0x00000000   Code   RO         1029    .ARM.Collect$$$$0000000A  mc_w.l(entry8b.o)
    0x00000224   0x00000008   Code   RO         1030    .ARM.Collect$$$$0000000B  mc_w.l(entry9a.o)
    0x0000022c   0x00000000   Code   RO         1032    .ARM.Collect$$$$0000000D  mc_w.l(entry10a.o)
    0x0000022c   0x00000000   Code   RO         1034    .ARM.Collect$$$$0000000F  mc_w.l(entry11a.o)
    0x0000022c   0x00000004   Code   RO         1023    .ARM.Collect$$$$00002712  mc_w.l(entry2.o)
    0x00000230   0x00000026   Code   RO          135    .emb_text           cpu.o
    0x00000256   0x00000002   PAD
    0x00000258   0x00000006   Code   RO          481    .emb_text           sysctl.o
    0x0000025e   0x00000002   PAD
    0x00000260   0x00000284   Code   RO          234    .text               epi.o
    0x000004e4   0x000006c4   Code   RO          281    .text               gpio.o
    0x00000ba8   0x00000268   Code   RO          343    .text               interrupt.o
    0x00000e10   0x000008f4   Code   RO          482    .text               sysctl.o
    0x00001704   0x00000298   Code   RO          529    .text               timer.o
    0x0000199c   0x000002d0   Code   RO          549    .text               uart.o
    0x00001c6c   0x000002a8   Code   RO          570    .text               udma.o
    0x00001f14   0x000000b0   Code   RO          606    .text               main.o
    0x00001fc4   0x00000084   Code   RO          655    .text               myepi.o
    0x00002048   0x000001cc   Code   RO          670    .text               mygpio.o
    0x00002214   0x00000054   Code   RO          689    .text               mytimer0a.o
    0x00002268   0x000000b4   Code   RO          701    .text               myudma.o
    0x0000231c   0x000002e8   Code   RO          720    .text               uartstdio.o
    0x00002604   0x00000024   Code   RO         1052    .text               mc_w.l(init.o)
    0x00002628   0x0000003a   Code   RO         1070    .text               mc_w.l(__dczerorl.o)
    0x00002662   0x00000002   PAD
    0x00002664   0x00000010   Code   RO          763    i.__0printf$bare    mc_w.l(printfb.o)
    0x00002674   0x0000000e   Code   RO         1064    i.__scatterload_copy  mc_w.l(handlers.o)
    0x00002682   0x00000002   Code   RO         1065    i.__scatterload_null  mc_w.l(handlers.o)
    0x00002684   0x0000000e   Code   RO         1066    i.__scatterload_zeroinit  mc_w.l(handlers.o)
    0x00002692   0x00000022   Code   RO          770    i._printf_core      mc_w.l(printfb.o)
    0x000026b4   0x00000210   Data   RO          282    .constdata          gpio.o
    0x000028c4   0x0000010c   Data   RO          344    .constdata          interrupt.o
    0x000029d0   0x000001cc   Data   RO          483    .constdata          sysctl.o
    0x00002b9c   0x000000a0   Data   RO          530    .constdata          timer.o
    0x00002c3c   0x00000080   Data   RO          550    .constdata          uart.o
    0x00002cbc   0x0000001c   Data   RO          721    .constdata          uartstdio.o
    0x00002cd8   0x00000011   Data   RO          722    .conststring        uartstdio.o
    0x00002ce9   0x00000003   PAD
    0x00002cec   0x00000020   Data   RO         1062    Region$$Table       anon$$obj.o


    Execution Region RW_IRAM1 (Base: 0x20000000, Size: 0x00001000, Max: 0x00040000, ABSOLUTE, COMPRESSED[0x00000010])

    Base Addr    Size         Type   Attr      Idx    E Section Name        Object

    0x20000000   0x00000004   Data   RW          656    .data               myepi.o
    0x20000004   0x00000004   Data   RW          703    .data               myudma.o
    0x20000008   0x00000008   Data   RW          723    .data               uartstdio.o
    0x20000010   0x00000004   Data   RW         1036    .data               mc_w.l(stdout.o)
    0x20000014   0x000003ec   PAD
    0x20000400   0x0000026c   Data   RW          345    vtable              interrupt.o
    0x2000066c   0x00000010   Zero   RW          671    .bss                mygpio.o
    0x2000067c   0x00000184   PAD
    0x20000800   0x00000400   Zero   RW          702    .bss                myudma.o
    0x20000c00   0x00000400   Zero   RW            1    STACK               startup_tm4c129.o


==============================================================================

Image component sizes


      Code (inc. data)   RO Data    RW Data    ZI Data      Debug   Object Name

        38          0          0          0          0        556   cpu.o
       644         24          0          0          0       8174   epi.o
      1732         24        528          0          0      11804   gpio.o
       616         26        268        620          0       4584   interrupt.o
       176         60          0          0          0       2940   main.o
       132         22          0          4          0        907   myepi.o
       460         86          0          0         16       1232   mygpio.o
        84         12          0          0          0        642   mytimer0a.o
       180         26          0          4       1024       1494   myudma.o
       540        514          0          0       1024        260   startup_tm4c129.o
      2298        140        460          0          0      12053   sysctl.o
       664         16        160          0          0       8586   timer.o
       720         18        128          0          0       9202   uart.o
       744         30         45          8          0       3341   uartstdio.o
       680         18          0          0          0      20725   udma.o
         0          0          0          0          0       4212   watchdog.o

    ----------------------------------------------------------------------
      9712       1016       1624        636       2452      90712   Object Totals
         0          0         32          0          0          0   (incl. Generated)
         4          0          3          0        388          0   (incl. Padding)

    ----------------------------------------------------------------------

      Code (inc. data)   RO Data    RW Data    ZI Data      Debug   Library Member Name

        58          0          0          0          0          0   __dczerorl.o
         0          0          0          0          0          0   entry.o
         0          0          0          0          0          0   entry10a.o
         0          0          0          0          0          0   entry11a.o
         8          4          0          0          0          0   entry2.o
         4          0          0          0          0          0   entry5.o
         0          0          0          0          0          0   entry7b.o
         0          0          0          0          0          0   entry8b.o
         8          4          0          0          0          0   entry9a.o
        30          0          0          0          0          0   handlers.o
        36          8          0          0          0         68   init.o
        50          8          0          0          0        152   printfb.o
         0          0          0          4          0          0   stdout.o

    ----------------------------------------------------------------------
       196         24          0       1008          0        220   Library Totals
         2          0          0       1004          0          0   (incl. Padding)

    ----------------------------------------------------------------------

      Code (inc. data)   RO Data    RW Data    ZI Data      Debug   Library Name

       194         24          0          4          0        220   mc_w.l

    ----------------------------------------------------------------------
       196         24          0       1008          0        220   Library Totals

    ----------------------------------------------------------------------

==============================================================================


      Code (inc. data)   RO Data    RW Data    ZI Data      Debug   

      9908       1040       1624       1644       2452      87180   Grand Totals
      9908       1040       1624         16       2452      87180   ELF Image Totals (compressed)
      9908       1040       1624         16          0          0   ROM Totals

==============================================================================

    Total RO  Size (Code + RO Data)                11532 (  11.26kB)
    Total RW  Size (RW Data + ZI Data)              4096 (   4.00kB)
    Total ROM Size (Code + RO Data + RW Data)      11548 (  11.28kB)

==============================================================================

